=== 2026-03-28T11:23:04.018420 ===
📚 <b>USCITE SETTIMANALI FUMETTI & MANGA</b>
📅 Settimana del 31/03/2026
──────────────────────────────

🏠 <b>MangaForever</b>
  1. <a href="https://www.mangaforever.net/punisher-1-microchip-torna-e-frank-castle-non-e-piu-quello-di-prima/">Punisher #1: Microchip torna e Frank Castle non è più quello di prima</a>
     <i>Di MangaForever.net
Frank Castle è tornato. E con lui, dopo anni di assenza, torna anche uno dei personaggi più amati della sua storia: Microchip. The</i>
  2. <a href="https://www.mangaforever.net/crunchyroll-svela-il-calendario-primaverile-degli-anime-in-arrivo/">Crunchyroll svela il calendario primaverile degli anime in arrivo!</a>
     <i>Di MangaForever.net
Crunchyroll ha annunciato ufficialmente il suo palinsesto delle nuove uscite e dei ritorni delle serie anime della stagione primav</i>
  3. <a href="https://www.mangaforever.net/one-piece-oda-celebra-il-successo-del-live-action-con-unillustrazione-speciale-di-nami/">One Piece: Oda celebra il successo del live-action con un’illustrazione speciale di Nami</a>
     <i>Di MangaForever.net
La seconda stagione del live-action di One Piece ha debuttato su Netflix da ormai più di una settimana e l&#8217;entusiasmo ad ess</i>
  4. <a href="https://www.mangaforever.net/frieren-svelata-la-data-di-uscita-del-finale-della-seconda-stagione/">Frieren: svelata la data di uscita del finale della seconda stagione</a>
     <i>Di MangaForever.net
Frieren: Oltre la Fine del Viaggio si prepara per il gran finale della seconda stagione, ed è finalmente nota la data di uscita uf</i>
  5. <a href="https://www.mangaforever.net/witch-hat-atelier-arriva-su-crunchyroll-prime-impressioni/">Witch Hat Atelier arriva su Crunchyroll – prime impressioni</a>
     <i>Di MangaForever.net
In questo periodo stanno arrivando parecchi anime interessanti, ma tra tutti ce n’è uno che mi ha colpito particolarmente, sto par</i>
  6. <a href="https://www.mangaforever.net/mrbeast-propone-un-remake-di-naruto-e-si-dice-pronto-a-finanziarlo/">MrBeast propone un remake di Naruto e si dice pronto a finanziarlo</a>
     <i>Di MangaForever.net
In questo periodo si sta parlando parecchio dei remake nel mondo degli anime, soprattutto dopo le dichiarazioni legate a One Piece</i>
  7. <a href="https://www.mangaforever.net/project-mist-e-il-survival-horror-open-world-che-i-fan-di-resident-evil-stavano-aspettando/">Project: Mist è il survival horror open world che i fan di Resident Evil stavano aspettando</a>
     <i>Di MangaForever.net
Resident Evil Requiem è appena uscito e ha già fatto incetta di complimenti. Ma se dopo aver finito il gioco vi sentite vuoti dent</i>
  8. <a href="https://www.mangaforever.net/one-piece-lidea-del-remake-nasce-da-una-riflessione-di-oda/">One Piece: l’idea del remake nasce da una riflessione di Oda</a>
     <i>Di MangaForever.net
Negli ultimi giorni si è tornati a parlare del remake di One Piece, anche perché sono uscite alcune dichiarazioni di George Wada, </i>
  9. <a href="https://www.mangaforever.net/chopper-diventa-sostenitore-ufficiale-di-medici-senza-frontiere-con-unillustrazione-speciale-di-oda/">Chopper diventa sostenitore ufficiale di Medici Senza Frontiere con un’illustrazione speciale di Oda</a>
     <i>Di MangaForever.net
C’è una novità interessante che riguarda One Piece e, in particolare, uno dei personaggi più amati della serie. Tony Tony Chopper </i>

🏠 <b>Fumettologica</b>
  1. <a href="https://fumettologica.it/2026/03/joe-sacco-bosnia-gorazde-neven-mondadori/">Mondadori ripubblica i fumetti di Joe Sacco sulla guerra in Bosnia</a>
     <i>Mondadori Oscar Ink ripubblica Goražde e Neven di Joe Sacco in un volume unico dedicato alla guerra in Bosnia.
Mondadori ripubblica i fumetti di Joe S</i>
  2. <a href="https://fumettologica.it/2026/03/panini-comics-fumetti-settimana-23-marzo-2026/">Panini Comics: i fumetti in uscita questa settimana (23–29 marzo 2026)</a>
     <i>Tutti i fumetti e i libri della linea Panini Comics in uscita in edicola, fumetteria e libreria nella settimana dal 23 al 29 marzo 2026.
Panini Comics</i>
  3. <a href="https://fumettologica.it/2026/03/panini-disney-fumetti-23-marzo-2026/">Disney Panini: i fumetti in uscita questa settimana (23–29 marzo 2026)</a>
     <i>Tutti i fumetti Disney che Panini Comics pubblica in edicola e fumetteria nella settimana dal 23 al 29 marzo 2026.
Disney Panini: i fumetti in uscita </i>

🏠 <b>Star Comics</b>
  1. HELLBOY n. 8
  2. HELLBOY &amp; B.P.R.D. n. 2
  3. MANGA ISSHO n. 5
  4. MINECRAFT - VIAGGIO AI CONFINI DEL MONDO n. 8
  5. MY LOVE STORY WITH YAMADA-KUN AT LV999 n. 6
  6. SOLO LEVELING n. 26
  7. WHAT ABOUT TOMORROW - ASHITA WA DOCCHIDA! n. 11

🏠 <b>Panini Comics</b>
  1. Risultati di ricerca per: 'uscite marzo 2026'

🏠 <b>RW Edizioni</b>
  1. VAMPIRE PRINCESS MIYU VOL. 7
  2. MITSUYOKON 3 &#8211; LA SPOSA DEL DIO
  3. In piedi su un milione di vite 3
  4. MORIRO’ SE NON RESTO VERGINE 4

🏠 <b>📰 News</b>
  1. <a href="https://www.panini.it/shp_ita_it/fumetti/calendario-delle-uscite/le-uscite-di-questa-settimana.html">Fumetti in Uscita Questa Settimana - Panini</a>
  2. <a href="https://www.animeclick.it/calendario-manga">Calendario anime, manga e fiere</a>
  3. <a href="https://www.meganerd.it/fumetti-comics-manga-uscite-23-29-marzo-2026/">Fumetti, comics &amp; manga - Tutte le uscite dal 23 al 29 marzo 2026</a>
  4. <a href="https://www.starcomics.com/">Star Comics | Fumetto | Comics | Manga | Valiant | Novel</a>
  5. <a href="https://www.comicsbox.it/">ComicsBox :: Database di Comics e Fumetti</a>
  6. <a href="https://j-pop.it/it/blog/edizioni-bd-j-pop-manga-presentano-le-novita-di-marzo-2026">Edizioni BD &amp; J-POP Manga presentano le novità di marzo 2026</a>
  7. <a href="https://www.gonagaiworld.com/marzo-2026-con-edizioni-bd-e-j-pop-manga-tra-nuove-serie-e-grandi-ritorni/">Marzo 2026 con Edizioni BD e J-Pop Manga, tra nuove serie e grandi ...</a>
  8. <a href="https://www.a6fanzine.it/2026/03/novita-marzo-edizioni-bd-j-pop-manga.html">Novità marzo Edizioni BD &amp; J-POP Manga - a6fanzine.it</a>

🤖 <i>Komik Release Bot</i>